// Vitest Snapshot v1, https://vitest.dev/guide/snapshot.html

exports[`availableModules > should match the snapshot of available modules 1`] = `
[
  {
    "defaultEnabled": false,
    "description": "modules.general.layout_correction.description",
    "id": "layoutCorrection",
    "name": "modules.general.layout_correction.name",
    "released": true,
  },
  {
    "defaultEnabled": true,
    "description": "modules.general.template_processor.description",
    "id": "templateProcessor",
    "name": "modules.general.template_processor.name",
    "released": true,
  },
  {
    "defaultEnabled": true,
    "description": "modules.shortcuts.shortcut_copy_name.description",
    "id": "shortcutCopyName",
    "name": "modules.shortcuts.shortcut_copy_name.name",
    "released": true,
  },
  {
    "defaultEnabled": true,
    "description": "modules.shortcuts.shortcut_copy_document_number.description",
    "id": "shortcutCopyDocumentNumber",
    "name": "modules.shortcuts.shortcut_copy_document_number.name",
    "released": true,
  },
  {
    "defaultEnabled": true,
    "description": "modules.shortcuts.shortcut_service_order_template.description",
    "id": "shortcutServiceOrderTemplate",
    "name": "modules.shortcuts.shortcut_service_order_template.name",
    "released": true,
  },
  {
    "defaultEnabled": true,
    "description": "modules.ai.ai_chat_summary.description",
    "id": "aiChatSummary",
    "name": "modules.ai.ai_chat_summary.name",
    "promptSettings": {
      "configKey": "summaryPrompt",
      "label": "modules.prompts.summary_prompt.label",
      "placeholder": "modules.prompts.summary_prompt.placeholder",
    },
    "released": true,
  },
  {
    "defaultEnabled": false,
    "description": "modules.ai.ai_response_review.description",
    "id": "aiResponseReview",
    "name": "modules.ai.ai_response_review.name",
    "promptSettings": {
      "configKey": "improvementPrompt",
      "label": "modules.prompts.improvement_prompt.label",
      "placeholder": "modules.prompts.improvement_prompt.placeholder",
    },
    "released": false,
  },
]
`;
